/home/paulo-cantergiani/Documents/STM32F11-BareMetal/chip_headers/CMSIS/Include/core_cm4.h:1684:22:__NVIC_EnableIRQ	16	static,ignoring_inline_asm
../Src/uart.c:24:5:__io_putchar	16	static
../Src/uart.c:30:6:dma1_stream6_init	24	static
../Src/uart.c:66:6:uart2_tx_init	8	static
../Src/uart.c:92:6:uart2_rxtx_init	8	static
../Src/uart.c:131:6:uart2_rx_interrupt_init	8	static
../Src/uart.c:174:13:uart_set_baudrate	24	static
../Src/uart.c:179:17:compute_uart_bd	16	static
../Src/uart.c:184:6:uart2_write	16	static
../Src/uart.c:194:6:uart2_read	4	static
