Archive member included to satisfy reference by file (symbol)

/home/paulo-cantergiani/st/stm32cubeide_1.17.0/plugins/com.st.stm32cube.ide.mcu.externaltools.gnu-tools-for-stm32.12.3.rel1.linux64_1.1.0.202410170702/tools/bin/../lib/gcc/arm-none-eabi/12.3.1/../../../../arm-none-eabi/lib/thumb/v7e-m+fp/hard/libc_nano.a(libc_a-exit.o)
                              /home/paulo-cantergiani/st/stm32cubeide_1.17.0/plugins/com.st.stm32cube.ide.mcu.externaltools.gnu-tools-for-stm32.12.3.rel1.linux64_1.1.0.202410170702/tools/bin/../lib/gcc/arm-none-eabi/12.3.1/../../../../arm-none-eabi/lib/thumb/v7e-m+fp/hard/crt0.o (exit)
/home/paulo-cantergiani/st/stm32cubeide_1.17.0/plugins/com.st.stm32cube.ide.mcu.externaltools.gnu-tools-for-stm32.12.3.rel1.linux64_1.1.0.202410170702/tools/bin/../lib/gcc/arm-none-eabi/12.3.1/../../../../arm-none-eabi/lib/thumb/v7e-m+fp/hard/libc_nano.a(libc_a-findfp.o)
                              /home/paulo-cantergiani/st/stm32cubeide_1.17.0/plugins/com.st.stm32cube.ide.mcu.externaltools.gnu-tools-for-stm32.12.3.rel1.linux64_1.1.0.202410170702/tools/bin/../lib/gcc/arm-none-eabi/12.3.1/../../../../arm-none-eabi/lib/thumb/v7e-m+fp/hard/libc_nano.a(libc_a-exit.o) (__stdio_exit_handler)
/home/paulo-cantergiani/st/stm32cubeide_1.17.0/plugins/com.st.stm32cube.ide.mcu.externaltools.gnu-tools-for-stm32.12.3.rel1.linux64_1.1.0.202410170702/tools/bin/../lib/gcc/arm-none-eabi/12.3.1/../../../../arm-none-eabi/lib/thumb/v7e-m+fp/hard/libc_nano.a(libc_a-fwalk.o)
                              /home/paulo-cantergiani/st/stm32cubeide_1.17.0/plugins/com.st.stm32cube.ide.mcu.externaltools.gnu-tools-for-stm32.12.3.rel1.linux64_1.1.0.202410170702/tools/bin/../lib/gcc/arm-none-eabi/12.3.1/../../../../arm-none-eabi/lib/thumb/v7e-m+fp/hard/libc_nano.a(libc_a-findfp.o) (_fwalk_sglue)
/home/paulo-cantergiani/st/stm32cubeide_1.17.0/plugins/com.st.stm32cube.ide.mcu.externaltools.gnu-tools-for-stm32.12.3.rel1.linux64_1.1.0.202410170702/tools/bin/../lib/gcc/arm-none-eabi/12.3.1/../../../../arm-none-eabi/lib/thumb/v7e-m+fp/hard/libc_nano.a(libc_a-stdio.o)
                              /home/paulo-cantergiani/st/stm32cubeide_1.17.0/plugins/com.st.stm32cube.ide.mcu.externaltools.gnu-tools-for-stm32.12.3.rel1.linux64_1.1.0.202410170702/tools/bin/../lib/gcc/arm-none-eabi/12.3.1/../../../../arm-none-eabi/lib/thumb/v7e-m+fp/hard/libc_nano.a(libc_a-findfp.o) (__sread)
/home/paulo-cantergiani/st/stm32cubeide_1.17.0/plugins/com.st.stm32cube.ide.mcu.externaltools.gnu-tools-for-stm32.12.3.rel1.linux64_1.1.0.202410170702/tools/bin/../lib/gcc/arm-none-eabi/12.3.1/../../../../arm-none-eabi/lib/thumb/v7e-m+fp/hard/libc_nano.a(libc_a-memset.o)
                              /home/paulo-cantergiani/st/stm32cubeide_1.17.0/plugins/com.st.stm32cube.ide.mcu.externaltools.gnu-tools-for-stm32.12.3.rel1.linux64_1.1.0.202410170702/tools/bin/../lib/gcc/arm-none-eabi/12.3.1/../../../../arm-none-eabi/lib/thumb/v7e-m+fp/hard/crt0.o (memset)
/home/paulo-cantergiani/st/stm32cubeide_1.17.0/plugins/com.st.stm32cube.ide.mcu.externaltools.gnu-tools-for-stm32.12.3.rel1.linux64_1.1.0.202410170702/tools/bin/../lib/gcc/arm-none-eabi/12.3.1/../../../../arm-none-eabi/lib/thumb/v7e-m+fp/hard/libc_nano.a(libc_a-closer.o)
                              /home/paulo-cantergiani/st/stm32cubeide_1.17.0/plugins/com.st.stm32cube.ide.mcu.externaltools.gnu-tools-for-stm32.12.3.rel1.linux64_1.1.0.202410170702/tools/bin/../lib/gcc/arm-none-eabi/12.3.1/../../../../arm-none-eabi/lib/thumb/v7e-m+fp/hard/libc_nano.a(libc_a-stdio.o) (_close_r)
/home/paulo-cantergiani/st/stm32cubeide_1.17.0/plugins/com.st.stm32cube.ide.mcu.externaltools.gnu-tools-for-stm32.12.3.rel1.linux64_1.1.0.202410170702/tools/bin/../lib/gcc/arm-none-eabi/12.3.1/../../../../arm-none-eabi/lib/thumb/v7e-m+fp/hard/libc_nano.a(libc_a-reent.o)
                              /home/paulo-cantergiani/st/stm32cubeide_1.17.0/plugins/com.st.stm32cube.ide.mcu.externaltools.gnu-tools-for-stm32.12.3.rel1.linux64_1.1.0.202410170702/tools/bin/../lib/gcc/arm-none-eabi/12.3.1/../../../../arm-none-eabi/lib/thumb/v7e-m+fp/hard/libc_nano.a(libc_a-closer.o) (errno)
/home/paulo-cantergiani/st/stm32cubeide_1.17.0/plugins/com.st.stm32cube.ide.mcu.externaltools.gnu-tools-for-stm32.12.3.rel1.linux64_1.1.0.202410170702/tools/bin/../lib/gcc/arm-none-eabi/12.3.1/../../../../arm-none-eabi/lib/thumb/v7e-m+fp/hard/libc_nano.a(libc_a-impure.o)
                              /home/paulo-cantergiani/st/stm32cubeide_1.17.0/plugins/com.st.stm32cube.ide.mcu.externaltools.gnu-tools-for-stm32.12.3.rel1.linux64_1.1.0.202410170702/tools/bin/../lib/gcc/arm-none-eabi/12.3.1/../../../../arm-none-eabi/lib/thumb/v7e-m+fp/hard/libc_nano.a(libc_a-reent.o) (_impure_ptr)
/home/paulo-cantergiani/st/stm32cubeide_1.17.0/plugins/com.st.stm32cube.ide.mcu.externaltools.gnu-tools-for-stm32.12.3.rel1.linux64_1.1.0.202410170702/tools/bin/../lib/gcc/arm-none-eabi/12.3.1/../../../../arm-none-eabi/lib/thumb/v7e-m+fp/hard/libc_nano.a(libc_a-lseekr.o)
[...]
Memory Configuration

Name             Origin             Length             Attributes
RAM              0x20000000         0x00020000         xrw
FLASH            0x08000000         0x00080000         xr
*default*        0x00000000         0xffffffff

Linker script and memory map

LOAD /home/paulo-cantergiani/st/stm32cubeide_1.17.0/plugins/com.st.stm32cube.ide.mcu.externaltools.gnu-tools-for-stm32.12.3.rel1.linux64_1.1.0.202410170702/tools/bin/../lib/gcc/arm-none-eabi/12.3.1/thumb/v7e-m+fp/hard/crti.o
LOAD /home/paulo-cantergiani/st/stm32cubeide_1.17.0/plugins/com.st.stm32cube.ide.mcu.externaltools.gnu-tools-for-stm32.12.3.rel1.linux64_1.1.0.202410170702/tools/bin/../lib/gcc/arm-none-eabi/12.3.1/thumb/v7e-m+fp/hard/crtbegin.o
LOAD /home/paulo-cantergiani/st/stm32cubeide_1.17.0/plugins/com.st.stm32cube.ide.mcu.externaltools.gnu-tools-for-stm32.12.3.rel1.linux64_1.1.0.202410170702/tools/bin/../lib/gcc/arm-none-eabi/12.3.1/../../../../arm-none-eabi/lib/thumb/v7e-m+fp/hard/crt0.o
LOAD ./Src/adxl345.o
LOAD ./Src/main.o
LOAD ./Src/spi.o
LOAD ./Src/syscalls.o
LOAD ./Src/sysmem.o
LOAD ./Src/uart.o
LOAD ./Startup/startup_stm32f411retx.o
START GROUP
LOAD /home/paulo-cantergiani/st/stm32cubeide_1.17.0/plugins/com.st.stm32cube.ide.mcu.externaltools.gnu-tools-for-stm32.12.3.rel1.linux64_1.1.0.202410170702/tools/bin/../lib/gcc/arm-none-eabi/12.3.1/../../../../arm-none-eabi/lib/thumb/v7e-m+fp/hard/libc_nano.a
LOAD /home/paulo-cantergiani/st/stm32cubeide_1.17.0/plugins/com.st.stm32cube.ide.mcu.externaltools.gnu-tools-for-stm32.12.3.rel1.linux64_1.1.0.202410170702/tools/bin/../lib/gcc/arm-none-eabi/12.3.1/../../../../arm-none-eabi/lib/thumb/v7e-m+fp/hard/libm.a
END GROUP
START GROUP
LOAD /home/paulo-cantergiani/st/stm32cubeide_1.17.0/plugins/com.st.stm32cube.ide.mcu.externaltools.gnu-tools-for-stm32.12.3.rel1.linux64_1.1.0.202410170702/tools/bin/../lib/gcc/arm-none-eabi/12.3.1/thumb/v7e-m+fp/hard/libgcc.a
LOAD /home/paulo-cantergiani/st/stm32cubeide_1.17.0/plugins/com.st.stm32cube.ide.mcu.externaltools.gnu-tools-for-stm32.12.3.rel1.linux64_1.1.0.202410170702/tools/bin/../lib/gcc/arm-none-eabi/12.3.1/../../../../arm-none-eabi/lib/thumb/v7e-m+fp/hard/libc_nano.a
END GROUP
START GROUP
LOAD /home/paulo-cantergiani/st/stm32cubeide_1.17.0/plugins/com.st.stm32cube.ide.mcu.externaltools.gnu-tools-for-stm32.12.3.rel1.linux64_1.1.0.202410170702/tools/bin/../lib/gcc/arm-none-eabi/12.3.1/thumb/v7e-m+fp/hard/libgcc.a
LOAD /home/paulo-cantergiani/st/stm32cubeide_1.17.0/plugins/com.st.stm32cube.ide.mcu.externaltools.gnu-tools-for-stm32.12.3.rel1.linux64_1.1.0.202410170702/tools/bin/../lib/gcc/arm-none-eabi/12.3.1/../../../../arm-none-eabi/lib/thumb/v7e-m+fp/hard/libc_nano.a
LOAD /home/paulo-cantergiani/st/stm32cubeide_1.17.0/plugins/com.st.stm32cube.ide.mcu.externaltools.gnu-tools-for-stm32.12.3.rel1.linux64_1.1.0.202410170702/tools/bin/../lib/gcc/arm-none-eabi/12.3.1/../../../../arm-none-eabi/lib/thumb/v7e-m+fp/hard/libnosys.a
END GROUP
START GROUP
LOAD /home/paulo-cantergiani/st/stm32cubeide_1.17.0/plugins/com.st.stm32cube.ide.mcu.externaltools.gnu-tools-for-stm32.12.3.rel1.linux64_1.1.0.202410170702/tools/bin/../lib/gcc/arm-none-eabi/12.3.1/thumb/v7e-m+fp/hard/libgcc.a
LOAD /home/paulo-cantergiani/st/stm32cubeide_1.17.0/plugins/com.st.stm32cube.ide.mcu.externaltools.gnu-tools-for-stm32.12.3.rel1.linux64_1.1.0.202410170702/tools/bin/../lib/gcc/arm-none-eabi/12.3.1/../../../../arm-none-eabi/lib/thumb/v7e-m+fp/hard/libc_nano.a
LOAD /home/paulo-cantergiani/st/stm32cubeide_1.17.0/plugins/com.st.stm32cube.ide.mcu.externaltools.gnu-tools-for-stm32.12.3.rel1.linux64_1.1.0.202410170702/tools/bin/../lib/gcc/arm-none-eabi/12.3.1/../../../../arm-none-eabi/lib/thumb/v7e-m+fp/hard/libnosys.a
END GROUP
LOAD /home/paulo-cantergiani/st/stm32cubeide_1.17.0/plugins/com.st.stm32cube.ide.mcu.externaltools.gnu-tools-for-stm32.12.3.rel1.linux64_1.1.0.202410170702/tools/bin/../lib/gcc/arm-none-eabi/12.3.1/thumb/v7e-m+fp/hard/crtend.o
LOAD /home/paulo-cantergiani/st/stm32cubeide_1.17.0/plugins/com.st.stm32cube.ide.mcu.externaltools.gnu-tools-for-stm32.12.3.rel1.linux64_1.1.0.202410170702/tools/bin/../lib/gcc/arm-none-eabi/12.3.1/thumb/v7e-m+fp/hard/crtn.o
                0x20020000                        _estack = (ORIGIN (RAM) + LENGTH (RAM))
                0x00000200                        _Min_Heap_Size = 0x200
                0x00000400                        _Min_Stack_Size = 0x400

.isr_vector     0x08000000      0x198
                0x08000000                        . = ALIGN (0x4)
 *(.isr_vector)
 .isr_vector    0x08000000      0x198 ./Startup/startup_stm32f411retx.o
                0x08000000                g_pfnVectors
                0x08000198                        . = ALIGN (0x4)

.text           0x08000198      0xb98
                0x08000198                        . = ALIGN (0x4)
 *(.text)
 .text          0x08000198       0x40 /home/paulo-cantergiani/st/stm32cubeide_1.17.0/plugins/com.st.stm32cube.ide.mcu.externaltools.gnu-tools-for-stm32.12.3.rel1.linux64_1.1.0.202410170702/tools/bin/../lib/gcc/arm-none-eabi/12.3.1/thumb/v7e-m+fp/hard/crtbegin.o
 .text          0x080001d8      0x254 /home/paulo-cantergiani/st/stm32cubeide_1.17.0/plugins/com.st.stm32cube.ide.mcu.externaltools.gnu-tools-for-stm32.12.3.rel1.linux64_1.1.0.202410170702/tools/bin/../lib/gcc/arm-none-eabi/12.3.1/thumb/v7e-m+fp/hard/libgcc.a(_arm_muldf3.o)
                0x080001d8                __aeabi_dmul
                0x080001d8                __muldf3
 .text          0x0800042c      0x378 /home/paulo-cantergiani/st/stm32cubeide_1.17.0/plugins/com.st.stm32cube.ide.mcu.externaltools.gnu-tools-for-stm32.12.3.rel1.linux64_1.1.0.202410170702/tools/bin/../lib/gcc/arm-none-eabi/12.3.1/thumb/v7e-m+fp/hard/libgcc.a(_arm_addsubdf3.o)
                0x0800042c                __aeabi_drsub
                0x08000434                __aeabi_dsub
                0x08000434                __subdf3
                0x08000438                __adddf3
                0x08000438                __aeabi_dadd
                0x080006b0                __aeabi_ui2d
                0x080006b0                __floatunsidf
                0x080006d0                __floatsidf
                0x080006d0                __aeabi_i2d
                0x080006f4                __extendsfdf2
                0x080006f4                __aeabi_f2d
                0x08000738                __aeabi_ul2d
                0x08000738                __floatundidf
                0x08000748                __floatdidf
                0x08000748                __aeabi_l2d
 .text          0x080007a4       0xa0 /home/paulo-cantergiani/st/stm32cubeide_1.17.0/plugins/com.st.stm32cube.ide.mcu.externaltools.gnu-tools-for-stm32.12.3.rel1.linux64_1.1.0.202410170702/tools/bin/../lib/gcc/arm-none-eabi/12.3.1/thumb/v7e-m+fp/hard/libgcc.a(_arm_truncdfsf2.o)
                0x080007a4                __aeabi_d2f
                0x080007a4                __truncdfsf2
 *(.text*)
 .text.adxl_read
                0x08000844       0x42 ./Src/adxl345.o
                0x08000844                adxl_read
 .text.adxl_write
                0x08000886       0x3a ./Src/adxl345.o
                0x08000886                adxl_write
 .text.adxl_init
                0x080008c0       0x28 ./Src/adxl345.o
                0x080008c0                adxl_init
 .text.main     0x080008e8       0xec ./Src/main.o
                0x080008e8                main
 .text.spi_gpio_init
                0x080009d4      0x114 ./Src/spi.o
                0x080009d4                spi_gpio_init
 .text.spi1_config
                0x08000ae8       0x9c ./Src/spi.o
                0x08000ae8                spi1_config
 .text.spi1_trasmit
                0x08000b84       0x6c ./Src/spi.o
                0x08000b84                spi1_trasmit
 .text.spi1_receive
                0x08000bf0       0x4c ./Src/spi.o
                0x08000bf0                spi1_receive
 .text.cs_enable
                0x08000c3c       0x20 ./Src/spi.o
                0x08000c3c                cs_enable
 .text.cs_disable
                0x08000c5c       0x20 ./Src/spi.o
                0x08000c5c                cs_disable
 .text.Reset_Handler
                0x08000c7c       0x50 ./Startup/startup_stm32f411retx.o
                0x08000c7c                Reset_Handler
 .text.Default_Handler
                0x08000ccc        0x2 ./Startup/startup_stm32f411retx.o
                0x08000ccc                RTC_Alarm_IRQHandler
                0x08000ccc                EXTI2_IRQHandler
                0x08000ccc                DebugMon_Handler
                0x08000ccc                SPI4_IRQHandler
                0x08000ccc                TIM1_CC_IRQHandler
                0x08000ccc                DMA2_Stream5_IRQHandler
                0x08000ccc                HardFault_Handler
                0x08000ccc                DMA1_Stream5_IRQHandler
                0x08000ccc                SysTick_Handler
                0x08000ccc                PVD_IRQHandler
                0x08000ccc                SDIO_IRQHandler
                0x08000ccc                TAMP_STAMP_IRQHandler
                0x08000ccc                PendSV_Handler
                0x08000ccc                NMI_Handler
                0x08000ccc                EXTI3_IRQHandler
                0x08000ccc                TIM1_UP_TIM10_IRQHandler
                0x08000ccc                I2C3_ER_IRQHandler
                0x08000ccc                EXTI0_IRQHandler
                0x08000ccc                I2C2_EV_IRQHandler
                0x08000ccc                DMA1_Stream2_IRQHandler
                0x08000ccc                UsageFault_Handler
                0x08000ccc                DMA2_Stream2_IRQHandler
                0x08000ccc                SPI1_IRQHandler
                0x08000ccc                TIM1_BRK_TIM9_IRQHandler
                0x08000ccc                DMA2_Stream3_IRQHandler
                0x08000ccc                USART6_IRQHandler
                0x08000ccc                DMA2_Stream0_IRQHandler
                0x08000ccc                TIM4_IRQHandler
                0x08000ccc                I2C1_EV_IRQHandler
                0x08000ccc                DMA1_Stream6_IRQHandler
                0x08000ccc                DMA1_Stream1_IRQHandler
                0x08000ccc                TIM3_IRQHandler
                0x08000ccc                RCC_IRQHandler
                0x08000ccc                Default_Handler
                0x08000ccc                EXTI15_10_IRQHandler
                0x08000ccc                ADC_IRQHandler
                0x08000ccc                DMA1_Stream7_IRQHandler
                0x08000ccc                SPI5_IRQHandler
                0x08000ccc                TIM5_IRQHandler
                0x08000ccc                DMA2_Stream7_IRQHandler
                0x08000ccc                I2C3_EV_IRQHandler
                0x08000ccc                EXTI9_5_IRQHandler
                0x08000ccc                RTC_WKUP_IRQHandler
                0x08000ccc                SPI2_IRQHandler
                0x08000ccc                MemManage_Handler
                0x08000ccc                DMA1_Stream0_IRQHandler
                0x08000ccc                SVC_Handler
                0x08000ccc                EXTI4_IRQHandler
                0x08000ccc                WWDG_IRQHandler
                0x08000ccc                TIM2_IRQHandler
                0x08000ccc                OTG_FS_WKUP_IRQHandler
                0x08000ccc                TIM1_TRG_COM_TIM11_IRQHandler
                0x08000ccc                EXTI1_IRQHandler
                0x08000ccc                USART2_IRQHandler
                0x08000ccc                I2C2_ER_IRQHandler
                0x08000ccc                DMA2_Stream1_IRQHandler
                0x08000ccc                FLASH_IRQHandler
                0x08000ccc                DMA2_Stream4_IRQHandler
                0x08000ccc                BusFault_Handler
                0x08000ccc                USART1_IRQHandler
                0x08000ccc                OTG_FS_IRQHandler
                0x08000ccc                SPI3_IRQHandler
                0x08000ccc                DMA1_Stream4_IRQHandler
                0x08000ccc                I2C1_ER_IRQHandler
                0x08000ccc                DMA2_Stream6_IRQHandler
                0x08000ccc                DMA1_Stream3_IRQHandler
 *fill*         0x08000cce        0x2 
 .text.__libc_init_array
                0x08000cd0       0x48 /home/paulo-cantergiani/st/stm32cubeide_1.17.0/plugins/com.st.stm32cube.ide.mcu.externaltools.gnu-tools-for-stm32.12.3.rel1.linux64_1.1.0.202410170702/tools/bin/../lib/gcc/arm-none-eabi/12.3.1/../../../../arm-none-eabi/lib/thumb/v7e-m+fp/hard/libc_nano.a(libc_a-init.o)
                0x08000cd0                __libc_init_array
 *(.glue_7)
 .glue_7        0x08000d18        0x0 linker stubs
 *(.glue_7t)
 .glue_7t       0x08000d18        0x0 linker stubs
 *(.eh_frame)
 .eh_frame      0x08000d18        0x0 /home/paulo-cantergiani/st/stm32cubeide_1.17.0/plugins/com.st.stm32cube.ide.mcu.externaltools.gnu-tools-for-stm32.12.3.rel1.linux64_1.1.0.202410170702/tools/bin/../lib/gcc/arm-none-eabi/12.3.1/thumb/v7e-m+fp/hard/crtbegin.o
 *(.init)
 .init          0x08000d18        0x4 /home/paulo-cantergiani/st/stm32cubeide_1.17.0/plugins/com.st.stm32cube.ide.mcu.externaltools.gnu-tools-for-stm32.12.3.rel1.linux64_1.1.0.202410170702/tools/bin/../lib/gcc/arm-none-eabi/12.3.1/thumb/v7e-m+fp/hard/crti.o
                0x08000d18                _init
 .init          0x08000d1c        0x8 /home/paulo-cantergiani/st/stm32cubeide_1.17.0/plugins/com.st.stm32cube.ide.mcu.externaltools.gnu-tools-for-stm32.12.3.rel1.linux64_1.1.0.202410170702/tools/bin/../lib/gcc/arm-none-eabi/12.3.1/thumb/v7e-m+fp/hard/crtn.o
 *(.fini)
 .fini          0x08000d24        0x4 /home/paulo-cantergiani/st/stm32cubeide_1.17.0/plugins/com.st.stm32cube.ide.mcu.externaltools.gnu-tools-for-stm32.12.3.rel1.linux64_1.1.0.202410170702/tools/bin/../lib/gcc/arm-none-eabi/12.3.1/thumb/v7e-m+fp/hard/crti.o
                0x08000d24                _fini
 .fini          0x08000d28        0x8 /home/paulo-cantergiani/st/stm32cubeide_1.17.0/plugins/com.st.stm32cube.ide.mcu.externaltools.gnu-tools-for-stm32.12.3.rel1.linux64_1.1.0.202410170702/tools/bin/../lib/gcc/arm-none-eabi/12.3.1/thumb/v7e-m+fp/hard/crtn.o
                0x08000d30                        . = ALIGN (0x4)
                0x08000d30                        _etext = .

.vfp11_veneer   0x08000d30        0x0
 .vfp11_veneer  0x08000d30        0x0 linker stubs

.v4_bx          0x08000d30        0x0
 .v4_bx         0x08000d30        0x0 linker stubs

.iplt           0x08000d30        0x0
 .iplt          0x08000d30        0x0 /home/paulo-cantergiani/st/stm32cubeide_1.17.0/plugins/com.st.stm32cube.ide.mcu.externaltools.gnu-tools-for-stm32.12.3.rel1.linux64_1.1.0.202410170702/tools/bin/../lib/gcc/arm-none-eabi/12.3.1/thumb/v7e-m+fp/hard/crtbegin.o

.rodata         0x08000d30        0x0
                0x08000d30                        . = ALIGN (0x4)
 *(.rodata)
 *(.rodata*)
                0x08000d30                        . = ALIGN (0x4)

.ARM.extab      0x08000d30        0x0
                0x08000d30                        . = ALIGN (0x4)
 *(.ARM.extab* .gnu.linkonce.armextab.*)
                0x08000d30                        . = ALIGN (0x4)

.ARM            0x08000d30        0x0
                0x08000d30                        . = ALIGN (0x4)
                0x08000d30                        __exidx_start = .
 *(.ARM.exidx*)
                0x08000d30                        __exidx_end = .
                0x08000d30                        . = ALIGN (0x4)

.preinit_array  0x08000d30        0x0
                0x08000d30                        . = ALIGN (0x4)
                0x08000d30                        PROVIDE (__preinit_array_start = .)
 *(.preinit_array*)
                0x08000d30                        PROVIDE (__preinit_array_end = .)
                0x08000d30                        . = ALIGN (0x4)

.init_array     0x08000d30        0x4
                0x08000d30                        . = ALIGN (0x4)
                0x08000d30                        PROVIDE (__init_array_start = .)
 *(SORT_BY_NAME(.init_array.*))
 *(.init_array*)
 .init_array    0x08000d30        0x4 /home/paulo-cantergiani/st/stm32cubeide_1.17.0/plugins/com.st.stm32cube.ide.mcu.externaltools.gnu-tools-for-stm32.12.3.rel1.linux64_1.1.0.202410170702/tools/bin/../lib/gcc/arm-none-eabi/12.3.1/thumb/v7e-m+fp/hard/crtbegin.o
                0x08000d34                        PROVIDE (__init_array_end = .)
                0x08000d34                        . = ALIGN (0x4)

.fini_array     0x08000d34        0x4
                0x08000d34                        . = ALIGN (0x4)
                [!provide]                        PROVIDE (__fini_array_start = .)
 *(SORT_BY_NAME(.fini_array.*))
 *(.fini_array*)
 .fini_array    0x08000d34        0x4 /home/paulo-cantergiani/st/stm32cubeide_1.17.0/plugins/com.st.stm32cube.ide.mcu.externaltools.gnu-tools-for-stm32.12.3.rel1.linux64_1.1.0.202410170702/tools/bin/../lib/gcc/arm-none-eabi/12.3.1/thumb/v7e-m+fp/hard/crtbegin.o
                [!provide]                        PROVIDE (__fini_array_end = .)
                0x08000d38                        . = ALIGN (0x4)
                0x08000d38                        _sidata = LOADADDR (.data)

.rel.dyn        0x08000d38        0x0
 .rel.iplt      0x08000d38        0x0 /home/paulo-cantergiani/st/stm32cubeide_1.17.0/plugins/com.st.stm32cube.ide.mcu.externaltools.gnu-tools-for-stm32.12.3.rel1.linux64_1.1.0.202410170702/tools/bin/../lib/gcc/arm-none-eabi/12.3.1/thumb/v7e-m+fp/hard/crtbegin.o

.data           0x20000000        0x0 load address 0x08000d38
                0x20000000                        . = ALIGN (0x4)
                0x20000000                        _sdata = .
 *(.data)
 *(.data*)
 *(.RamFunc)
 *(.RamFunc*)
                0x20000000                        . = ALIGN (0x4)
                0x20000000                        _edata = .

.igot.plt       0x20000000        0x0 load address 0x08000d38
 .igot.plt      0x20000000        0x0 /home/paulo-cantergiani/st/stm32cubeide_1.17.0/plugins/com.st.stm32cube.ide.mcu.externaltools.gnu-tools-for-stm32.12.3.rel1.linux64_1.1.0.202410170702/tools/bin/../lib/gcc/arm-none-eabi/12.3.1/thumb/v7e-m+fp/hard/crtbegin.o
                0x20000000                        . = ALIGN (0x4)

.bss            0x20000000       0x38 load address 0x08000d38
                0x20000000                        _sbss = .
                0x20000000                        __bss_start__ = _sbss
 *(.bss)
 .bss           0x20000000       0x1c /home/paulo-cantergiani/st/stm32cubeide_1.17.0/plugins/com.st.stm32cube.ide.mcu.externaltools.gnu-tools-for-stm32.12.3.rel1.linux64_1.1.0.202410170702/tools/bin/../lib/gcc/arm-none-eabi/12.3.1/thumb/v7e-m+fp/hard/crtbegin.o
 *(.bss*)
 .bss.x         0x2000001c        0x2 ./Src/main.o
                0x2000001c                x
 .bss.y         0x2000001e        0x2 ./Src/main.o
                0x2000001e                y
 .bss.z         0x20000020        0x2 ./Src/main.o
                0x20000020                z
 *fill*         0x20000022        0x2 
 .bss.xg        0x20000024        0x4 ./Src/main.o
                0x20000024                xg
 .bss.yg        0x20000028        0x4 ./Src/main.o
                0x20000028                yg
 .bss.zg        0x2000002c        0x4 ./Src/main.o
                0x2000002c                zg
 .bss.data_rec  0x20000030        0x6 ./Src/main.o
                0x20000030                data_rec
 *(COMMON)
                0x20000038                        . = ALIGN (0x4)
 *fill*         0x20000036        0x2 
                0x20000038                        _ebss = .
                0x20000038                        __bss_end__ = _ebss

._user_heap_stack
                0x20000038      0x600 load address 0x08000d38
                0x20000038                        . = ALIGN (0x8)
                [!provide]                        PROVIDE (end = .)
                0x20000038                        PROVIDE (_end = .)
                0x20000238                        . = (. + _Min_Heap_Size)
 *fill*         0x20000038      0x200 
                0x20000638                        . = (. + _Min_Stack_Size)
 *fill*         0x20000238      0x400 
                0x20000638                        . = ALIGN (0x8)

/DISCARD/
 libc.a(*)
 libm.a(*)
 libgcc.a(*)

.ARM.attributes
                0x00000000       0x30
 *(.ARM.attributes)
 .ARM.attributes
                0x00000000       0x22 /home/paulo-cantergiani/st/stm32cubeide_1.17.0/plugins/com.st.stm32cube.ide.mcu.externaltools.gnu-tools-for-stm32.12.3.rel1.linux64_1.1.0.202410170702/tools/bin/../lib/gcc/arm-none-eabi/12.3.1/thumb/v7e-m+fp/hard/crti.o
 .ARM.attributes
                0x00000022       0x34 /home/paulo-cantergiani/st/stm32cubeide_1.17.0/plugins/com.st.stm32cube.ide.mcu.externaltools.gnu-tools-for-stm32.12.3.rel1.linux64_1.1.0.202410170702/tools/bin/../lib/gcc/arm-none-eabi/12.3.1/thumb/v7e-m+fp/hard/crtbegin.o
 .ARM.attributes
                0x00000056       0x34 ./Src/adxl345.o
 .ARM.attributes
                0x0000008a       0x34 ./Src/main.o
 .ARM.attributes
                0x000000be       0x34 ./Src/spi.o
 .ARM.attributes
                0x000000f2       0x21 ./Startup/startup_stm32f411retx.o
 .ARM.attributes
                0x00000113       0x34 /home/paulo-cantergiani/st/stm32cubeide_1.17.0/plugins/com.st.stm32cube.ide.mcu.externaltools.gnu-tools-for-stm32.12.3.rel1.linux64_1.1.0.202410170702/tools/bin/../lib/gcc/arm-none-eabi/12.3.1/../../../../arm-none-eabi/lib/thumb/v7e-m+fp/hard/libc_nano.a(libc_a-init.o)
 .ARM.attributes
                0x00000147       0x22 /home/paulo-cantergiani/st/stm32cubeide_1.17.0/plugins/com.st.stm32cube.ide.mcu.externaltools.gnu-tools-for-stm32.12.3.rel1.linux64_1.1.0.202410170702/tools/bin/../lib/gcc/arm-none-eabi/12.3.1/thumb/v7e-m+fp/hard/libgcc.a(_arm_muldf3.o)
 .ARM.attributes
                0x00000169       0x22 /home/paulo-cantergiani/st/stm32cubeide_1.17.0/plugins/com.st.stm32cube.ide.mcu.externaltools.gnu-tools-for-stm32.12.3.rel1.linux64_1.1.0.202410170702/tools/bin/../lib/gcc/arm-none-eabi/12.3.1/thumb/v7e-m+fp/hard/libgcc.a(_arm_addsubdf3.o)
 .ARM.attributes
                0x0000018b       0x22 /home/paulo-cantergiani/st/stm32cubeide_1.17.0/plugins/com.st.stm32cube.ide.mcu.externaltools.gnu-tools-for-stm32.12.3.rel1.linux64_1.1.0.202410170702/tools/bin/../lib/gcc/arm-none-eabi/12.3.1/thumb/v7e-m+fp/hard/libgcc.a(_arm_truncdfsf2.o)
 .ARM.attributes
                0x000001ad       0x22 /home/paulo-cantergiani/st/stm32cubeide_1.17.0/plugins/com.st.stm32cube.ide.mcu.externaltools.gnu-tools-for-stm32.12.3.rel1.linux64_1.1.0.202410170702/tools/bin/../lib/gcc/arm-none-eabi/12.3.1/thumb/v7e-m+fp/hard/crtn.o
OUTPUT(23_SPI_ADXL346.elf elf32-littlearm)
LOAD linker stubs
LOAD /home/paulo-cantergiani/st/stm32cubeide_1.17.0/plugins/com.st.stm32cube.ide.mcu.externaltools.gnu-tools-for-stm32.12.3.rel1.linux64_1.1.0.202410170702/tools/bin/../lib/gcc/arm-none-eabi/12.3.1/../../../../arm-none-eabi/lib/thumb/v7e-m+fp/hard/libc.a
LOAD /home/paulo-cantergiani/st/stm32cubeide_1.17.0/plugins/com.st.stm32cube.ide.mcu.externaltools.gnu-tools-for-stm32.12.3.rel1.linux64_1.1.0.202410170702/tools/bin/../lib/gcc/arm-none-eabi/12.3.1/../../../../arm-none-eabi/lib/thumb/v7e-m+fp/hard/libm.a
LOAD /home/paulo-cantergiani/st/stm32cubeide_1.17.0/plugins/com.st.stm32cube.ide.mcu.externaltools.gnu-tools-for-stm32.12.3.rel1.linux64_1.1.0.202410170702/tools/bin/../lib/gcc/arm-none-eabi/12.3.1/thumb/v7e-m+fp/hard/libgcc.a

.debug_info     0x00000000      0x74c
 .debug_info    0x00000000      0x17c ./Src/adxl345.o
 .debug_info    0x0000017c      0x17f ./Src/main.o
 .debug_info    0x000002fb      0x421 ./Src/spi.o
 .debug_info    0x0000071c       0x30 ./Startup/startup_stm32f411retx.o

.debug_abbrev   0x00000000      0x2e4
 .debug_abbrev  0x00000000       0xf9 ./Src/adxl345.o
 .debug_abbrev  0x000000f9       0xc7 ./Src/main.o
 .debug_abbrev  0x000001c0      0x100 ./Src/spi.o
 .debug_abbrev  0x000002c0       0x24 ./Startup/startup_stm32f411retx.o

.debug_aranges  0x00000000       0xc0
 .debug_aranges
                0x00000000       0x30 ./Src/adxl345.o
 .debug_aranges
                0x00000030       0x20 ./Src/main.o
 .debug_aranges
                0x00000050       0x48 ./Src/spi.o
 .debug_aranges
                0x00000098       0x28 ./Startup/startup_stm32f411retx.o

.debug_rnglists
                0x00000000       0x7f
 .debug_rnglists
                0x00000000       0x1f ./Src/adxl345.o
 .debug_rnglists
                0x0000001f       0x14 ./Src/main.o
 .debug_rnglists
                0x00000033       0x33 ./Src/spi.o
 .debug_rnglists
                0x00000066       0x19 ./Startup/startup_stm32f411retx.o

.debug_macro    0x00000000     0xe9c8
 .debug_macro   0x00000000       0xe4 ./Src/adxl345.o
 .debug_macro   0x000000e4      0xac0 ./Src/adxl345.o
 .debug_macro   0x00000ba4       0x28 ./Src/adxl345.o
 .debug_macro   0x00000bcc       0x22 ./Src/adxl345.o
 .debug_macro   0x00000bee       0x8e ./Src/adxl345.o
 .debug_macro   0x00000c7c       0x51 ./Src/adxl345.o
 .debug_macro   0x00000ccd      0x103 ./Src/adxl345.o
 .debug_macro   0x00000dd0       0x6a ./Src/adxl345.o
 .debug_macro   0x00000e3a      0x1df ./Src/adxl345.o
 .debug_macro   0x00001019       0x1c ./Src/adxl345.o
 .debug_macro   0x00001035       0x22 ./Src/adxl345.o
 .debug_macro   0x00001057       0xfb ./Src/adxl345.o
 .debug_macro   0x00001152     0x1011 ./Src/adxl345.o
 .debug_macro   0x00002163      0x11f ./Src/adxl345.o
 .debug_macro   0x00002282     0xb953 ./Src/adxl345.o
 .debug_macro   0x0000dbd5       0x34 ./Src/adxl345.o
 .debug_macro   0x0000dc09      0x1be ./Src/main.o
 .debug_macro   0x0000ddc7       0x61 ./Src/main.o
 .debug_macro   0x0000de28       0x2a ./Src/main.o
 .debug_macro   0x0000de52       0x43 ./Src/main.o
 .debug_macro   0x0000de95       0x34 ./Src/main.o
 .debug_macro   0x0000dec9       0x16 ./Src/main.o
 .debug_macro   0x0000dedf       0x9e ./Src/main.o
 .debug_macro   0x0000df7d      0x369 ./Src/main.o
 .debug_macro   0x0000e2e6      0x10b ./Src/main.o
 .debug_macro   0x0000e3f1       0x10 ./Src/main.o
 .debug_macro   0x0000e401       0x16 ./Src/main.o
 .debug_macro   0x0000e417       0x43 ./Src/main.o
 .debug_macro   0x0000e45a       0x34 ./Src/main.o
 .debug_macro   0x0000e48e       0x10 ./Src/main.o
 .debug_macro   0x0000e49e       0x58 ./Src/main.o
 .debug_macro   0x0000e4f6       0x8e ./Src/main.o
 .debug_macro   0x0000e584       0x1c ./Src/main.o
 .debug_macro   0x0000e5a0      0x177 ./Src/main.o
 .debug_macro   0x0000e717       0x16 ./Src/main.o
 .debug_macro   0x0000e72d       0x16 ./Src/main.o
 .debug_macro   0x0000e743      0x146 ./Src/main.o
 .debug_macro   0x0000e889       0x1c ./Src/main.o
 .debug_macro   0x0000e8a5      0x123 ./Src/spi.o

.debug_line     0x00000000     0x135e
 .debug_line    0x00000000      0x520 ./Src/adxl345.o
 .debug_line    0x00000520      0x6d8 ./Src/main.o
 .debug_line    0x00000bf8      0x6eb ./Src/spi.o
 .debug_line    0x000012e3       0x7b ./Startup/startup_stm32f411retx.o

.debug_str      0x00000000    0x533bf
 .debug_str     0x00000000    0x4f634 ./Src/adxl345.o
                              0x4f7aa (size before relaxing)
 .debug_str     0x0004f634     0x3a5d ./Src/main.o
                              0x531dd (size before relaxing)
 .debug_str     0x00053091      0x27d ./Src/spi.o
                              0x4f93c (size before relaxing)
 .debug_str     0x0005330e       0xb1 ./Startup/startup_stm32f411retx.o

.comment        0x00000000       0x43
 .comment       0x00000000       0x43 ./Src/adxl345.o
                                 0x44 (size before relaxing)
 .comment       0x00000043       0x44 ./Src/main.o
 .comment       0x00000043       0x44 ./Src/spi.o

.debug_frame    0x00000000      0x2ac
 .debug_frame   0x00000000       0x74 ./Src/adxl345.o
 .debug_frame   0x00000074       0x2c ./Src/main.o
 .debug_frame   0x000000a0       0xe0 ./Src/spi.o
 .debug_frame   0x00000180       0x2c /home/paulo-cantergiani/st/stm32cubeide_1.17.0/plugins/com.st.stm32cube.ide.mcu.externaltools.gnu-tools-for-stm32.12.3.rel1.linux64_1.1.0.202410170702/tools/bin/../lib/gcc/arm-none-eabi/12.3.1/../../../../arm-none-eabi/lib/thumb/v7e-m+fp/hard/libc_nano.a(libc_a-init.o)
 .debug_frame   0x000001ac       0x30 /home/paulo-cantergiani/st/stm32cubeide_1.17.0/plugins/com.st.stm32cube.ide.mcu.externaltools.gnu-tools-for-stm32.12.3.rel1.linux64_1.1.0.202410170702/tools/bin/../lib/gcc/arm-none-eabi/12.3.1/thumb/v7e-m+fp/hard/libgcc.a(_arm_muldf3.o)
 .debug_frame   0x000001dc       0xac /home/paulo-cantergiani/st/stm32cubeide_1.17.0/plugins/com.st.stm32cube.ide.mcu.externaltools.gnu-tools-for-stm32.12.3.rel1.linux64_1.1.0.202410170702/tools/bin/../lib/gcc/arm-none-eabi/12.3.1/thumb/v7e-m+fp/hard/libgcc.a(_arm_addsubdf3.o)
 .debug_frame   0x00000288       0x24 /home/paulo-cantergiani/st/stm32cubeide_1.17.0/plugins/com.st.stm32cube.ide.mcu.externaltools.gnu-tools-for-stm32.12.3.rel1.linux64_1.1.0.202410170702/tools/bin/../lib/gcc/arm-none-eabi/12.3.1/thumb/v7e-m+fp/hard/libgcc.a(_arm_truncdfsf2.o)

.debug_line_str
                0x00000000       0x95
 .debug_line_str
                0x00000000       0x95 ./Startup/startup_stm32f411retx.o
