00:27:49 **** Build of configuration Debug for project 01_LED_Blink ****
make -j16 all 
arm-none-eabi-gcc "../Src/main.c" -mcpu=cortex-m4 -std=gnu11 -g3 -DDEBUG -DNUCLEO_F411RE -DSTM32 -DSTM32F4 -DSTM32F411RETx -c -I../Inc -I/home/paulo-cantergiani/Documents/STM32F11-BareMetal/chip_headers/CMSIS/Device/ST/STM32F4xx/Include -I/home/paulo-cantergiani/Documents/STM32F11-BareMetal/chip_headers/CMSIS/Include -O0 -ffunction-sections -fdata-sections -Wall -fstack-usage -fcyclomatic-complexity -MMD -MP -MF"Src/main.d" -MT"Src/main.o" --specs=nano.specs -mfpu=fpv4-sp-d16 -mfloat-abi=hard -mthumb -o "Src/main.o"
arm-none-eabi-gcc "../Src/syscalls.c" -mcpu=cortex-m4 -std=gnu11 -g3 -DDEBUG -DNUCLEO_F411RE -DSTM32 -DSTM32F4 -DSTM32F411RETx -c -I../Inc -I/home/paulo-cantergiani/Documents/STM32F11-BareMetal/chip_headers/CMSIS/Device/ST/STM32F4xx/Include -I/home/paulo-cantergiani/Documents/STM32F11-BareMetal/chip_headers/CMSIS/Include -O0 -ffunction-sections -fdata-sections -Wall -fstack-usage -fcyclomatic-complexity -MMD -MP -MF"Src/syscalls.d" -MT"Src/syscalls.o" --specs=nano.specs -mfpu=fpv4-sp-d16 -mfloat-abi=hard -mthumb -o "Src/syscalls.o"
arm-none-eabi-gcc "../Src/sysmem.c" -mcpu=cortex-m4 -std=gnu11 -g3 -DDEBUG -DNUCLEO_F411RE -DSTM32 -DSTM32F4 -DSTM32F411RETx -c -I../Inc -I/home/paulo-cantergiani/Documents/STM32F11-BareMetal/chip_headers/CMSIS/Device/ST/STM32F4xx/Include -I/home/paulo-cantergiani/Documents/STM32F11-BareMetal/chip_headers/CMSIS/Include -O0 -ffunction-sections -fdata-sections -Wall -fstack-usage -fcyclomatic-complexity -MMD -MP -MF"Src/sysmem.d" -MT"Src/sysmem.o" --specs=nano.specs -mfpu=fpv4-sp-d16 -mfloat-abi=hard -mthumb -o "Src/sysmem.o"
arm-none-eabi-gcc -o "01_LED_Blink.elf" @"objects.list"   -mcpu=cortex-m4 -T"/home/paulo-cantergiani/Documents/GitHub Repositories/Embedded-Systems-Bare-Metal-Programing/01_LED_Blink/STM32F411RETX_FLASH.ld" --specs=nosys.specs -Wl,-Map="01_LED_Blink.map" -Wl,--gc-sections -static --specs=nano.specs -mfpu=fpv4-sp-d16 -mfloat-abi=hard -mthumb -Wl,--start-group -lc -lm -Wl,--end-group
Finished building target: 01_LED_Blink.elf
 
arm-none-eabi-size  01_LED_Blink.elf 
arm-none-eabi-objdump -h -S 01_LED_Blink.elf  > "01_LED_Blink.list"
   text	   data	    bss	    dec	    hex	filename
    752	      0	   1568	   2320	    910	01_LED_Blink.elf
Finished building: default.size.stdout
 
Finished building: 01_LED_Blink.list
 

00:27:50 Build Finished. 0 errors, 0 warnings. (took 171ms)

