00:08:26 **** Build of configuration Debug for project 04_GPIO_Output ****
make -j16 all 
arm-none-eabi-gcc "../Src/main.c" -mcpu=cortex-m4 -std=gnu11 -g3 -DDEBUG -DNUCLEO_F411RE -DSTM32 -DSTM32F4 -DSTM32F411RETx -c -I../Inc -I/home/paulo-cantergiani/Documents/STM32F11-BareMetal/chip_headers/CMSIS/Device/ST/STM32F4xx/Include -I/home/paulo-cantergiani/Documents/STM32F11-BareMetal/chip_headers/CMSIS/Include -O0 -ffunction-sections -fdata-sections -Wall -fstack-usage -fcyclomatic-complexity -MMD -MP -MF"Src/main.d" -MT"Src/main.o" --specs=nano.specs -mfpu=fpv4-sp-d16 -mfloat-abi=hard -mthumb -o "Src/main.o"
arm-none-eabi-gcc "../Src/syscalls.c" -mcpu=cortex-m4 -std=gnu11 -g3 -DDEBUG -DNUCLEO_F411RE -DSTM32 -DSTM32F4 -DSTM32F411RETx -c -I../Inc -I/home/paulo-cantergiani/Documents/STM32F11-BareMetal/chip_headers/CMSIS/Device/ST/STM32F4xx/Include -I/home/paulo-cantergiani/Documents/STM32F11-BareMetal/chip_headers/CMSIS/Include -O0 -ffunction-sections -fdata-sections -Wall -fstack-usage -fcyclomatic-complexity -MMD -MP -MF"Src/syscalls.d" -MT"Src/syscalls.o" --specs=nano.specs -mfpu=fpv4-sp-d16 -mfloat-abi=hard -mthumb -o "Src/syscalls.o"
arm-none-eabi-gcc "../Src/sysmem.c" -mcpu=cortex-m4 -std=gnu11 -g3 -DDEBUG -DNUCLEO_F411RE -DSTM32 -DSTM32F4 -DSTM32F411RETx -c -I../Inc -I/home/paulo-cantergiani/Documents/STM32F11-BareMetal/chip_headers/CMSIS/Device/ST/STM32F4xx/Include -I/home/paulo-cantergiani/Documents/STM32F11-BareMetal/chip_headers/CMSIS/Include -O0 -ffunction-sections -fdata-sections -Wall -fstack-usage -fcyclomatic-complexity -MMD -MP -MF"Src/sysmem.d" -MT"Src/sysmem.o" --specs=nano.specs -mfpu=fpv4-sp-d16 -mfloat-abi=hard -mthumb -o "Src/sysmem.o"
arm-none-eabi-gcc -o "04_GPIO_Output.elf" @"objects.list"   -mcpu=cortex-m4 -T"/home/paulo-cantergiani/Documents/GitHub Repositories/Embedded-Systems-Bare-Metal-Programing/04_GPIO_Output/STM32F411RETX_FLASH.ld" --specs=nosys.specs -Wl,-Map="04_GPIO_Output.map" -Wl,--gc-sections -static --specs=nano.specs -mfpu=fpv4-sp-d16 -mfloat-abi=hard -mthumb -Wl,--start-group -lc -lm -Wl,--end-group
Finished building target: 04_GPIO_Output.elf
 
arm-none-eabi-size  04_GPIO_Output.elf 
arm-none-eabi-objdump -h -S 04_GPIO_Output.elf  > "04_GPIO_Output.list"
   text	   data	    bss	    dec	    hex	filename
    748	      0	   1568	   2316	    90c	04_GPIO_Output.elf
Finished building: default.size.stdout
 
Finished building: 04_GPIO_Output.list
 

00:08:26 Build Finished. 0 errors, 0 warnings. (took 270ms)

