22:02:15 **** Incremental Build of configuration Debug for project 18_ADC_Interrupt ****
make -j16 all 
arm-none-eabi-gcc "../Src/main.c" -mcpu=cortex-m4 -std=gnu11 -g3 -DDEBUG -DNUCLEO_F411RE -DSTM32 -DSTM32F4 -DSTM32F411RETx -c -I../Inc -I/home/paulo-cantergiani/Documents/STM32F11-BareMetal/chip_headers/CMSIS/Device/ST/STM32F4xx/Include -I/home/paulo-cantergiani/Documents/STM32F11-BareMetal/chip_headers/CMSIS/Include -O0 -ffunction-sections -fdata-sections -Wall -fstack-usage -fcyclomatic-complexity -MMD -MP -MF"Src/main.d" -MT"Src/main.o" --specs=nano.specs -mfpu=fpv4-sp-d16 -mfloat-abi=hard -mthumb -o "Src/main.o"
arm-none-eabi-gcc -o "18_ADC_Interrupt.elf" @"objects.list"   -mcpu=cortex-m4 -T"/home/paulo-cantergiani/Documents/GitHub Repositories/Embedded-Systems-Bare-Metal-Programing/18_ADC_Interrupt/STM32F411RETX_FLASH.ld" --specs=nosys.specs -Wl,-Map="18_ADC_Interrupt.map" -Wl,--gc-sections -static --specs=nano.specs -mfpu=fpv4-sp-d16 -mfloat-abi=hard -mthumb -Wl,--start-group -lc -lm -Wl,--end-group
Finished building target: 18_ADC_Interrupt.elf
 
arm-none-eabi-size  18_ADC_Interrupt.elf 
arm-none-eabi-objdump -h -S 18_ADC_Interrupt.elf  > "18_ADC_Interrupt.list"
   text	   data	    bss	    dec	    hex	filename
   5524	     92	   1908	   7524	   1d64	18_ADC_Interrupt.elf
Finished building: default.size.stdout
 
Finished building: 18_ADC_Interrupt.list
 

22:02:16 Build Finished. 0 errors, 0 warnings. (took 225ms)

