14:40:53 **** Build of configuration Debug for project 23_SPI_ADXL346 ****
make -j16 all 
arm-none-eabi-gcc "../Src/adxl345.c" -mcpu=cortex-m4 -std=gnu11 -g3 -DDEBUG -DNUCLEO_F411RE -DSTM32 -DSTM32F4 -DSTM32F411RETx -c -I../Inc -I/home/paulo-cantergiani/Documents/STM32F11-BareMetal/chip_headers/CMSIS/Device/ST/STM32F4xx/Include -I/home/paulo-cantergiani/Documents/STM32F11-BareMetal/chip_headers/CMSIS/Include -O0 -ffunction-sections -fdata-sections -Wall -fstack-usage -fcyclomatic-complexity -MMD -MP -MF"Src/adxl345.d" -MT"Src/adxl345.o" --specs=nano.specs -mfpu=fpv4-sp-d16 -mfloat-abi=hard -mthumb -o "Src/adxl345.o"
arm-none-eabi-gcc "../Src/main.c" -mcpu=cortex-m4 -std=gnu11 -g3 -DDEBUG -DNUCLEO_F411RE -DSTM32 -DSTM32F4 -DSTM32F411RETx -c -I../Inc -I/home/paulo-cantergiani/Documents/STM32F11-BareMetal/chip_headers/CMSIS/Device/ST/STM32F4xx/Include -I/home/paulo-cantergiani/Documents/STM32F11-BareMetal/chip_headers/CMSIS/Include -O0 -ffunction-sections -fdata-sections -Wall -fstack-usage -fcyclomatic-complexity -MMD -MP -MF"Src/main.d" -MT"Src/main.o" --specs=nano.specs -mfpu=fpv4-sp-d16 -mfloat-abi=hard -mthumb -o "Src/main.o"
arm-none-eabi-gcc "../Src/spi.c" -mcpu=cortex-m4 -std=gnu11 -g3 -DDEBUG -DNUCLEO_F411RE -DSTM32 -DSTM32F4 -DSTM32F411RETx -c -I../Inc -I/home/paulo-cantergiani/Documents/STM32F11-BareMetal/chip_headers/CMSIS/Device/ST/STM32F4xx/Include -I/home/paulo-cantergiani/Documents/STM32F11-BareMetal/chip_headers/CMSIS/Include -O0 -ffunction-sections -fdata-sections -Wall -fstack-usage -fcyclomatic-complexity -MMD -MP -MF"Src/spi.d" -MT"Src/spi.o" --specs=nano.specs -mfpu=fpv4-sp-d16 -mfloat-abi=hard -mthumb -o "Src/spi.o"
arm-none-eabi-gcc "../Src/syscalls.c" -mcpu=cortex-m4 -std=gnu11 -g3 -DDEBUG -DNUCLEO_F411RE -DSTM32 -DSTM32F4 -DSTM32F411RETx -c -I../Inc -I/home/paulo-cantergiani/Documents/STM32F11-BareMetal/chip_headers/CMSIS/Device/ST/STM32F4xx/Include -I/home/paulo-cantergiani/Documents/STM32F11-BareMetal/chip_headers/CMSIS/Include -O0 -ffunction-sections -fdata-sections -Wall -fstack-usage -fcyclomatic-complexity -MMD -MP -MF"Src/syscalls.d" -MT"Src/syscalls.o" --specs=nano.specs -mfpu=fpv4-sp-d16 -mfloat-abi=hard -mthumb -o "Src/syscalls.o"
arm-none-eabi-gcc "../Src/sysmem.c" -mcpu=cortex-m4 -std=gnu11 -g3 -DDEBUG -DNUCLEO_F411RE -DSTM32 -DSTM32F4 -DSTM32F411RETx -c -I../Inc -I/home/paulo-cantergiani/Documents/STM32F11-BareMetal/chip_headers/CMSIS/Device/ST/STM32F4xx/Include -I/home/paulo-cantergiani/Documents/STM32F11-BareMetal/chip_headers/CMSIS/Include -O0 -ffunction-sections -fdata-sections -Wall -fstack-usage -fcyclomatic-complexity -MMD -MP -MF"Src/sysmem.d" -MT"Src/sysmem.o" --specs=nano.specs -mfpu=fpv4-sp-d16 -mfloat-abi=hard -mthumb -o "Src/sysmem.o"
arm-none-eabi-gcc "../Src/uart.c" -mcpu=cortex-m4 -std=gnu11 -g3 -DDEBUG -DNUCLEO_F411RE -DSTM32 -DSTM32F4 -DSTM32F411RETx -c -I../Inc -I/home/paulo-cantergiani/Documents/STM32F11-BareMetal/chip_headers/CMSIS/Device/ST/STM32F4xx/Include -I/home/paulo-cantergiani/Documents/STM32F11-BareMetal/chip_headers/CMSIS/Include -O0 -ffunction-sections -fdata-sections -Wall -fstack-usage -fcyclomatic-complexity -MMD -MP -MF"Src/uart.d" -MT"Src/uart.o" --specs=nano.specs -mfpu=fpv4-sp-d16 -mfloat-abi=hard -mthumb -o "Src/uart.o"
arm-none-eabi-gcc -o "23_SPI_ADXL346.elf" @"objects.list"   -mcpu=cortex-m4 -T"/home/paulo-cantergiani/Documents/GitHub Repositories/Embedded-Systems-Bare-Metal-Programing/23_SPI_ADXL346/STM32F411RETX_FLASH.ld" --specs=nosys.specs -Wl,-Map="23_SPI_ADXL346.map" -Wl,--gc-sections -static --specs=nano.specs -mfpu=fpv4-sp-d16 -mfloat-abi=hard -mthumb -Wl,--start-group -lc -lm -Wl,--end-group
Finished building target: 23_SPI_ADXL346.elf
 
arm-none-eabi-size  23_SPI_ADXL346.elf 
arm-none-eabi-objdump -h -S 23_SPI_ADXL346.elf  > "23_SPI_ADXL346.list"
   text	   data	    bss	    dec	    hex	filename
   3384	      0	   1592	   4976	   1370	23_SPI_ADXL346.elf
Finished building: default.size.stdout
 
Finished building: 23_SPI_ADXL346.list
 
